// Jest Snapshot v1, https://goo.gl/fbAQLP

exports[`1. renders CategoriesMenuCard 1`] = `
<div>
  <div
    class="footer"
  >
    <div
      class="footer__social social"
    >
      <li
        class="social__item"
      >
        <a
          class="social__link"
          href="/"
        >
          <reactcomponent />
        </a>
      </li>
      <li
        class="social__item"
      >
        <a
          class="social__link"
          href="/"
        >
          <reactcomponent />
        </a>
      </li>
      <li
        class="social__item"
      >
        <a
          class="social__link"
          href="/"
        >
          <reactcomponent />
        </a>
      </li>
      <li
        class="social__item"
      >
        <a
          class="social__link"
          href="/"
        >
          <reactcomponent />
        </a>
      </li>
      <li
        class="social__item"
      >
        <a
          class="social__link"
          href="/"
        >
          <reactcomponent />
        </a>
      </li>
      <li
        class="social__item"
      >
        <a
          class="social__link"
          href="/"
        >
          <reactcomponent />
        </a>
      </li>
    </div>
    <div
      class="footer__menu menu"
    >
      <li
        class="list__item"
      >
        <a
          class="list__link"
          href="/menu"
        >
          Menu
        </a>
      </li>
      <li
        class="list__item"
      >
        <a
          class="list__link"
          href="/profile"
        >
          Profile
        </a>
      </li>
      <li
        class="list__item"
      >
        <a
          class="list__link"
          href="/save"
        >
          Save
        </a>
      </li>
      <li
        class="list__item"
      >
        <a
          class="list__link"
          href="/compare"
        >
          Compare
        </a>
      </li>
      <li
        class="list__item"
      >
        <a
          class="list__link"
          href="/sellnow"
        >
          Sell now
        </a>
      </li>
      <li
        class="list__item"
      >
        <a
          class="list__link"
          href="/search"
        >
          Search
        </a>
      </li>
      <li
        class="list__item"
      >
        <a
          class="list__link"
          href="/articles"
        >
          Articles
        </a>
      </li>
      <li
        class="list__item"
      >
        <a
          class="list__link"
          href="/fevoriteproducts"
        >
          Fevorite products
        </a>
      </li>
      <li
        class="list__item"
      >
        <a
          class="list__link"
          href="/aircraft"
        >
          Aircraft
        </a>
      </li>
      <li
        class="list__item"
      >
        <a
          class="list__link"
          href="/Parts/products"
        >
          Parts/products
        </a>
      </li>
      <li
        class="list__item"
      >
        <a
          class="list__link"
          href="/realestate"
        >
          Real estate
        </a>
      </li>
      <li
        class="list__item"
      >
        <a
          class="list__link"
          href="/services"
        >
          Services
        </a>
      </li>
      <li
        class="list__item"
      >
        <a
          class="list__link"
          href="/businessaircraft"
        >
          Business aircraft
        </a>
      </li>
      <li
        class="list__item"
      >
        <a
          class="list__link"
          href="/campanydealer"
        >
          Campany dealer
        </a>
      </li>
      <li
        class="list__item"
      >
        <a
          class="list__link"
          href="/features"
        >
          Features
        </a>
      </li>
      <li
        class="list__item"
      >
        <a
          class="list__link"
          href="/engines"
        >
          Engines
        </a>
      </li>
      <li
        class="list__item"
      >
        <a
          class="list__link"
          href="/help"
        >
          Help
        </a>
      </li>
      <li
        class="list__item"
      >
        <a
          class="list__link"
          href="/security"
        >
          Security
        </a>
      </li>
      <li
        class="list__item"
      >
        <a
          class="list__link"
          href="/privacy"
        >
          Privacy
        </a>
      </li>
    </div>
    <div
      class="footer__info info"
    >
      <div
        class="info__copyright copyright"
      >
        <span>
          Runway5
        </span>
        <span>
          Copyright © 2020
        </span>
      </div>
      <a
        class="footer__icon icon  "
        href="/home"
      >
        <reactcomponent />
      </a>
    </div>
  </div>
</div>
`;

exports[`ErrorIndicator UI tests 1. renders CategoriesMenuCard 1`] = `
<div>
  <div
    class="footer"
  >
    <div
      class="footer__social social"
    >
      <li
        class="social__item"
      >
        <a
          class="social__link"
          href="/"
        >
          <reactcomponent />
        </a>
      </li>
      <li
        class="social__item"
      >
        <a
          class="social__link"
          href="/"
        >
          <reactcomponent />
        </a>
      </li>
      <li
        class="social__item"
      >
        <a
          class="social__link"
          href="/"
        >
          <reactcomponent />
        </a>
      </li>
      <li
        class="social__item"
      >
        <a
          class="social__link"
          href="/"
        >
          <reactcomponent />
        </a>
      </li>
      <li
        class="social__item"
      >
        <a
          class="social__link"
          href="/"
        >
          <reactcomponent />
        </a>
      </li>
      <li
        class="social__item"
      >
        <a
          class="social__link"
          href="/"
        >
          <reactcomponent />
        </a>
      </li>
    </div>
    <div
      class="footer__menu menu"
    >
      <li
        class="list__item"
      >
        <a
          class="list__link"
          href="/menu"
        >
          Menu
        </a>
      </li>
      <li
        class="list__item"
      >
        <a
          class="list__link"
          href="/profile"
        >
          Profile
        </a>
      </li>
      <li
        class="list__item"
      >
        <a
          class="list__link"
          href="/save"
        >
          Save
        </a>
      </li>
      <li
        class="list__item"
      >
        <a
          class="list__link"
          href="/compare"
        >
          Compare
        </a>
      </li>
      <li
        class="list__item"
      >
        <a
          class="list__link"
          href="/sellnow"
        >
          Sell now
        </a>
      </li>
      <li
        class="list__item"
      >
        <a
          class="list__link"
          href="/search"
        >
          Search
        </a>
      </li>
      <li
        class="list__item"
      >
        <a
          class="list__link"
          href="/articles"
        >
          Articles
        </a>
      </li>
      <li
        class="list__item"
      >
        <a
          class="list__link"
          href="/fevoriteproducts"
        >
          Fevorite products
        </a>
      </li>
      <li
        class="list__item"
      >
        <a
          class="list__link"
          href="/aircraft"
        >
          Aircraft
        </a>
      </li>
      <li
        class="list__item"
      >
        <a
          class="list__link"
          href="/Parts/products"
        >
          Parts/products
        </a>
      </li>
      <li
        class="list__item"
      >
        <a
          class="list__link"
          href="/realestate"
        >
          Real estate
        </a>
      </li>
      <li
        class="list__item"
      >
        <a
          class="list__link"
          href="/services"
        >
          Services
        </a>
      </li>
      <li
        class="list__item"
      >
        <a
          class="list__link"
          href="/businessaircraft"
        >
          Business aircraft
        </a>
      </li>
      <li
        class="list__item"
      >
        <a
          class="list__link"
          href="/campanydealer"
        >
          Campany dealer
        </a>
      </li>
      <li
        class="list__item"
      >
        <a
          class="list__link"
          href="/features"
        >
          Features
        </a>
      </li>
      <li
        class="list__item"
      >
        <a
          class="list__link"
          href="/engines"
        >
          Engines
        </a>
      </li>
      <li
        class="list__item"
      >
        <a
          class="list__link"
          href="/help"
        >
          Help
        </a>
      </li>
      <li
        class="list__item"
      >
        <a
          class="list__link"
          href="/security"
        >
          Security
        </a>
      </li>
      <li
        class="list__item"
      >
        <a
          class="list__link"
          href="/privacy"
        >
          Privacy
        </a>
      </li>
    </div>
    <div
      class="footer__info info"
    >
      <div
        class="info__copyright copyright"
      >
        <span>
          Runway5
        </span>
        <span>
          Copyright © 2020
        </span>
      </div>
      <a
        class="footer__icon icon  "
        href="/home"
      >
        <reactcomponent />
      </a>
    </div>
  </div>
</div>
`;

exports[`Footer  UI tests renders Footer 1`] = `
<div>
  <div
    class="footer"
  >
    <div
      class="footer__social social"
    >
      <li
        class="social__item"
      >
        <a
          class="social__link"
          href="/"
        >
          <reactcomponent />
        </a>
      </li>
      <li
        class="social__item"
      >
        <a
          class="social__link"
          href="/"
        >
          <reactcomponent />
        </a>
      </li>
      <li
        class="social__item"
      >
        <a
          class="social__link"
          href="/"
        >
          <reactcomponent />
        </a>
      </li>
      <li
        class="social__item"
      >
        <a
          class="social__link"
          href="/"
        >
          <reactcomponent />
        </a>
      </li>
      <li
        class="social__item"
      >
        <a
          class="social__link"
          href="/"
        >
          <reactcomponent />
        </a>
      </li>
      <li
        class="social__item"
      >
        <a
          class="social__link"
          href="/"
        >
          <reactcomponent />
        </a>
      </li>
    </div>
    <div
      class="footer__menu menu"
    >
      <li
        class="list__item"
      >
        <a
          class="list__link"
          href="/menu"
        >
          Menu
        </a>
      </li>
      <li
        class="list__item"
      >
        <a
          class="list__link"
          href="/profile"
        >
          Profile
        </a>
      </li>
      <li
        class="list__item"
      >
        <a
          class="list__link"
          href="/save"
        >
          Save
        </a>
      </li>
      <li
        class="list__item"
      >
        <a
          class="list__link"
          href="/compare"
        >
          Compare
        </a>
      </li>
      <li
        class="list__item"
      >
        <a
          class="list__link"
          href="/sellnow"
        >
          Sell now
        </a>
      </li>
      <li
        class="list__item"
      >
        <a
          class="list__link"
          href="/search"
        >
          Search
        </a>
      </li>
      <li
        class="list__item"
      >
        <a
          class="list__link"
          href="/articles"
        >
          Articles
        </a>
      </li>
      <li
        class="list__item"
      >
        <a
          class="list__link"
          href="/fevoriteproducts"
        >
          Fevorite products
        </a>
      </li>
      <li
        class="list__item"
      >
        <a
          class="list__link"
          href="/aircraft"
        >
          Aircraft
        </a>
      </li>
      <li
        class="list__item"
      >
        <a
          class="list__link"
          href="/Parts/products"
        >
          Parts/products
        </a>
      </li>
      <li
        class="list__item"
      >
        <a
          class="list__link"
          href="/realestate"
        >
          Real estate
        </a>
      </li>
      <li
        class="list__item"
      >
        <a
          class="list__link"
          href="/services"
        >
          Services
        </a>
      </li>
      <li
        class="list__item"
      >
        <a
          class="list__link"
          href="/businessaircraft"
        >
          Business aircraft
        </a>
      </li>
      <li
        class="list__item"
      >
        <a
          class="list__link"
          href="/campanydealer"
        >
          Campany dealer
        </a>
      </li>
      <li
        class="list__item"
      >
        <a
          class="list__link"
          href="/features"
        >
          Features
        </a>
      </li>
      <li
        class="list__item"
      >
        <a
          class="list__link"
          href="/engines"
        >
          Engines
        </a>
      </li>
      <li
        class="list__item"
      >
        <a
          class="list__link"
          href="/help"
        >
          Help
        </a>
      </li>
      <li
        class="list__item"
      >
        <a
          class="list__link"
          href="/security"
        >
          Security
        </a>
      </li>
      <li
        class="list__item"
      >
        <a
          class="list__link"
          href="/privacy"
        >
          Privacy
        </a>
      </li>
    </div>
    <div
      class="footer__info info"
    >
      <div
        class="info__copyright copyright"
      >
        <span>
          Runway5
        </span>
        <span>
          Copyright © 2020
        </span>
      </div>
      <a
        class="footer__icon icon  "
        href="/home"
      >
        <reactcomponent />
      </a>
    </div>
  </div>
</div>
`;
