// Jest Snapshot v1, https://goo.gl/fbAQLP

exports[`RestorePassword UI tests should render correctly 1`] = `
<div>
  <div
    class="restore-password"
  >
    <h3
      class="restore-password__title"
    >
      Restore Password
    </h3>
    <p
      class="restore-password__description"
    >
      Fill in the field and a link to restore your password will be sent to your email.
    </p>
    <form
      action="#"
      class="restore-password__form"
    >
      <div
        class="restore-password__block"
      >
        <p
          class="restore-password__name"
        >
          Email
        </p>
        <input
          class="restore-password__field"
          name="email"
          type="email"
          value=""
        />
        <div
          class="sidebar__error-indicator "
        >
          <span
            aria-label="exclamation-circle"
            class="anticon anticon-exclamation-circle sidebar__error-icon"
            role="img"
          >
            <svg
              aria-hidden="true"
              data-icon="exclamation-circle"
              fill="currentColor"
              focusable="false"
              height="1em"
              viewBox="64 64 896 896"
              width="1em"
            >
              <path
                d="M512 64C264.6 64 64 264.6 64 512s200.6 448 448 448 448-200.6 448-448S759.4 64 512 64zm0 820c-205.4 0-372-166.6-372-372s166.6-372 372-372 372 166.6 372 372-166.6 372-372 372z"
              />
              <path
                d="M464 688a48 48 0 1096 0 48 48 0 10-96 0zm24-112h48c4.4 0 8-3.6 8-8V296c0-4.4-3.6-8-8-8h-48c-4.4 0-8 3.6-8 8v272c0 4.4 3.6 8 8 8z"
              />
            </svg>
          </span>
        </div>
      </div>
      <button
        class="ant-btn ant-btn-default restore-password__btn"
        disabled=""
        type="submit"
      >
        <span>
          Restore
        </span>
      </button>
    </form>
  </div>
</div>
`;

exports[`RestorePasswordSidebar UI tests should render correctly 1`] = `
<div>
  <div
    class="restore-password"
  >
    <h3
      class="restore-password__title"
    >
      Restore Password
    </h3>
    <p
      class="restore-password__description"
    >
      Fill in the field and a link to restore your password will be sent to your email.
    </p>
    <form
      action="#"
      class="restore-password__form"
    >
      <div
        class="restore-password__block"
      >
        <p
          class="restore-password__name"
        >
          Email
        </p>
        <input
          class="restore-password__field"
          name="email"
          type="email"
          value=""
        />
        <div
          class="sidebar__error-indicator "
        >
          <span
            aria-label="exclamation-circle"
            class="anticon anticon-exclamation-circle sidebar__error-icon"
            role="img"
          >
            <svg
              aria-hidden="true"
              data-icon="exclamation-circle"
              fill="currentColor"
              focusable="false"
              height="1em"
              viewBox="64 64 896 896"
              width="1em"
            >
              <path
                d="M512 64C264.6 64 64 264.6 64 512s200.6 448 448 448 448-200.6 448-448S759.4 64 512 64zm0 820c-205.4 0-372-166.6-372-372s166.6-372 372-372 372 166.6 372 372-166.6 372-372 372z"
              />
              <path
                d="M464 688a48 48 0 1096 0 48 48 0 10-96 0zm24-112h48c4.4 0 8-3.6 8-8V296c0-4.4-3.6-8-8-8h-48c-4.4 0-8 3.6-8 8v272c0 4.4 3.6 8 8 8z"
              />
            </svg>
          </span>
        </div>
      </div>
      <button
        class="ant-btn ant-btn-default restore-password__btn"
        disabled=""
        type="submit"
      >
        <span>
          Restore
        </span>
      </button>
    </form>
  </div>
</div>
`;
